// Jest Snapshot v1, https://goo.gl/fbAQLP

exports[`Root container renders correctly 1`] = `
<div
  className="fluid-container"
>
  <div
    className="welcomeContainer"
  >
    <section
      className="gradientBG"
    />
    <div
      className="container mainContainer"
    >
      <nav
        className="navbar"
      >
        <ul>
          <li>
            <a
              className="active navbar-brand"
              href="/"
              onClick={[Function]}
              style={Object {}}
            >
              React Admin Dashboard
            </a>
          </li>
          <li
            className="navSection"
          >
            <a
              className="navLink"
              href="/signIn"
              onClick={[Function]}
              style={undefined}
            >
              Sign In
            </a>
            <a
              className="navLink"
              href="/signUp"
              onClick={[Function]}
              style={undefined}
            >
              Sign Up
            </a>
          </li>
        </ul>
      </nav>
      <section
        className="intro"
      >
        <div
          className="content col-md-6 col-sm-12"
        >
          <h1>
            Welcome to React
            <br />
            Admin Dashboard
          </h1>
          <a
            className="btnCommon btnWhite"
            href="/signUp"
            onClick={[Function]}
          >
            Create An Account
          </a>
        </div>
        <div
          className="image col-md-6 col-sm-12"
        />
      </section>
    </div>
  </div>
</div>
`;
